// Jest Snapshot v1, https://goo.gl/fbAQLP

exports[`<App /> should render 1`] = `
<h1
  className="sc-AxjAm hJKkph"
>
  Hello world! ðŸ˜Ž
</h1>
`;
